// Jest Snapshot v1, https://goo.gl/fbAQLP

exports[`Testing snapshot for AnglerAi's saveEvent destination action: all fields 1`] = `
Object {
  "data": Array [
    Object {
      "client_id": "26xBB1k",
      "custom_event_name": "26xBB1k",
      "data": Object {
        "cart": Object {},
        "cartLine": Object {},
        "checkout": Object {},
        "collection": Object {},
        "contacts": Array [
          Object {},
        ],
        "customData": Array [
          Object {},
        ],
        "customer": Object {},
        "form": Object {},
        "productVariant": Object {},
        "searchResult": Object {},
      },
      "event_id": "26xBB1k",
      "event_name": "checkout_completed",
      "fbc": "26xBB1k",
      "fbp": "26xBB1k",
      "ga": "26xBB1k",
      "identifiers": Array [
        Object {
          "name": "26xBB1k",
          "value": "26xBB1k",
        },
      ],
      "ip_address": "26xBB1k",
      "referrer": "26xBB1k",
      "timestamp": "26xBB1k",
      "url": "26xBB1k",
      "user_agent": "26xBB1k",
    },
  ],
  "src": "SEGMENT",
}
`;

exports[`Testing snapshot for AnglerAi's saveEvent destination action: required fields 1`] = `
Object {
  "data": Array [
    Object {
      "client_id": "26xBB1k",
      "event_id": "26xBB1k",
      "identifiers": Array [
        Object {},
      ],
    },
  ],
  "src": "SEGMENT",
}
`;
