// Jest Snapshot v1, https://goo.gl/fbAQLP

exports[`Testing snapshot for AnglerAi's saveOrder destination action: all fields 1`] = `
Object {
  "data": Array [
    Object {
      "additional_fields": Array [
        Object {
          "name": "UIbymzz8amIPzalS",
          "value": "UIbymzz8amIPzalS",
        },
      ],
      "app_id": "UIbymzz8amIPzalS",
      "billing_address": Object {
        "address1": "UIbymzz8amIPzalS",
        "address2": "UIbymzz8amIPzalS",
        "city": "UIbymzz8amIPzalS",
        "company": "UIbymzz8amIPzalS",
        "country": "UIbymzz8amIPzalS",
        "country_code": "UIbymzz8amIPzalS",
        "country_name": "UIbymzz8amIPzalS",
        "customer_id": "UIbymzz8amIPzalS",
        "default": false,
        "first_name": "UIbymzz8amIPzalS",
        "hashed_address1": "UIbymzz8amIPzalS",
        "hashed_address2": "UIbymzz8amIPzalS",
        "hashed_city": "UIbymzz8amIPzalS",
        "hashed_country_code": "UIbymzz8amIPzalS",
        "hashed_first_name": "UIbymzz8amIPzalS",
        "hashed_last_name": "UIbymzz8amIPzalS",
        "hashed_phone": "UIbymzz8amIPzalS",
        "hashed_zip": "UIbymzz8amIPzalS",
        "id": "UIbymzz8amIPzalS",
        "last_name": "UIbymzz8amIPzalS",
        "name": "UIbymzz8amIPzalS",
        "phone": "UIbymzz8amIPzalS",
        "province": "UIbymzz8amIPzalS",
        "province_code": "UIbymzz8amIPzalS",
        "zip": "UIbymzz8amIPzalS",
      },
      "browser_ip": "UIbymzz8amIPzalS",
      "buyer_accepts_marketing": false,
      "cancel_reason": "UIbymzz8amIPzalS",
      "cancelled_at": "UIbymzz8amIPzalS",
      "checkout_id": "UIbymzz8amIPzalS",
      "client_details": Object {
        "accept_language": "UIbymzz8amIPzalS",
        "browser_height": 43575821310361.6,
        "browser_ip": "UIbymzz8amIPzalS",
        "browser_width": 43575821310361.6,
        "session_hash": "UIbymzz8amIPzalS",
        "user_agent": "UIbymzz8amIPzalS",
      },
      "closed_at": "UIbymzz8amIPzalS",
      "confirmed": false,
      "contact_email": "UIbymzz8amIPzalS",
      "created_at": "UIbymzz8amIPzalS",
      "currency": "CZK",
      "current_subtotal_price": "UIbymzz8amIPzalS",
      "current_total_discounts": "UIbymzz8amIPzalS",
      "current_total_price": "UIbymzz8amIPzalS",
      "current_total_tax": "UIbymzz8amIPzalS",
      "customer_id": "UIbymzz8amIPzalS",
      "discount_applications": Array [
        Object {
          "allocation_method": "UIbymzz8amIPzalS",
          "code": "UIbymzz8amIPzalS",
          "target_selection": "UIbymzz8amIPzalS",
          "target_type": "UIbymzz8amIPzalS",
          "type": "UIbymzz8amIPzalS",
          "value": "UIbymzz8amIPzalS",
          "value_type": "UIbymzz8amIPzalS",
        },
      ],
      "discount_codes": Array [
        Object {
          "amount": "UIbymzz8amIPzalS",
          "code": "UIbymzz8amIPzalS",
          "type": "UIbymzz8amIPzalS",
        },
      ],
      "email": "ev@bezehu.co.uk",
      "estimated_taxes": false,
      "financial_status": "UIbymzz8amIPzalS",
      "fulfillment_status": "UIbymzz8amIPzalS",
      "fulfillments": Array [
        Object {
          "created_at": "UIbymzz8amIPzalS",
          "id": "UIbymzz8amIPzalS",
          "order_id": "UIbymzz8amIPzalS",
          "shipment_status": "UIbymzz8amIPzalS",
          "status": "UIbymzz8amIPzalS",
          "tracking_company": "UIbymzz8amIPzalS",
          "updated_at": "UIbymzz8amIPzalS",
        },
      ],
      "gateway": "UIbymzz8amIPzalS",
      "id": "UIbymzz8amIPzalS",
      "landing_site": "UIbymzz8amIPzalS",
      "landing_site_ref": "UIbymzz8amIPzalS",
      "location_id": "UIbymzz8amIPzalS",
      "name": "UIbymzz8amIPzalS",
      "note": "UIbymzz8amIPzalS",
      "note_attributes": Array [
        Object {
          "name": "UIbymzz8amIPzalS",
          "value": "UIbymzz8amIPzalS",
        },
      ],
      "number": 4357582131036160,
      "order_number": 4357582131036160,
      "payment_details": Object {
        "avs_result_code": "UIbymzz8amIPzalS",
        "credit_card_bin": "UIbymzz8amIPzalS",
        "credit_card_expiration_month": "UIbymzz8amIPzalS",
        "credit_card_expiration_year": "UIbymzz8amIPzalS",
        "credit_card_name": "UIbymzz8amIPzalS",
        "credit_card_number": "UIbymzz8amIPzalS",
        "credit_card_wallet": "UIbymzz8amIPzalS",
        "cvv_result_code": "UIbymzz8amIPzalS",
      },
      "phone": "UIbymzz8amIPzalS",
      "presentment_currency": "UIbymzz8amIPzalS",
      "processed_at": "UIbymzz8amIPzalS",
      "processing_method": "UIbymzz8amIPzalS",
      "reference": "UIbymzz8amIPzalS",
      "referring_site": "UIbymzz8amIPzalS",
      "shipping_address": Object {
        "address1": "UIbymzz8amIPzalS",
        "address2": "UIbymzz8amIPzalS",
        "city": "UIbymzz8amIPzalS",
        "company": "UIbymzz8amIPzalS",
        "country": "UIbymzz8amIPzalS",
        "country_code": "UIbymzz8amIPzalS",
        "country_name": "UIbymzz8amIPzalS",
        "customer_id": "UIbymzz8amIPzalS",
        "default": false,
        "first_name": "UIbymzz8amIPzalS",
        "hashed_address1": "UIbymzz8amIPzalS",
        "hashed_address2": "UIbymzz8amIPzalS",
        "hashed_city": "UIbymzz8amIPzalS",
        "hashed_country_code": "UIbymzz8amIPzalS",
        "hashed_first_name": "UIbymzz8amIPzalS",
        "hashed_last_name": "UIbymzz8amIPzalS",
        "hashed_phone": "UIbymzz8amIPzalS",
        "hashed_zip": "UIbymzz8amIPzalS",
        "id": "UIbymzz8amIPzalS",
        "last_name": "UIbymzz8amIPzalS",
        "name": "UIbymzz8amIPzalS",
        "phone": "UIbymzz8amIPzalS",
        "province": "UIbymzz8amIPzalS",
        "province_code": "UIbymzz8amIPzalS",
        "zip": "UIbymzz8amIPzalS",
      },
      "source_identifier": "UIbymzz8amIPzalS",
      "source_name": "UIbymzz8amIPzalS",
      "source_url": "UIbymzz8amIPzalS",
      "subtotal_price": "UIbymzz8amIPzalS",
      "tags": "UIbymzz8amIPzalS",
      "taxes_included": false,
      "total_discounts": "UIbymzz8amIPzalS",
      "total_line_items_price": "UIbymzz8amIPzalS",
      "total_outstanding": "UIbymzz8amIPzalS",
      "total_price": "UIbymzz8amIPzalS",
      "total_price_usd": "UIbymzz8amIPzalS",
      "total_tax": "UIbymzz8amIPzalS",
      "total_tip_received": "UIbymzz8amIPzalS",
      "updated_at": "UIbymzz8amIPzalS",
      "user_id": "UIbymzz8amIPzalS",
    },
  ],
  "src": "SEGMENT",
}
`;

exports[`Testing snapshot for AnglerAi's saveOrder destination action: required fields 1`] = `
Object {
  "data": Array [
    Object {
      "app_id": "UIbymzz8amIPzalS",
      "checkout_id": "UIbymzz8amIPzalS",
      "customer_id": "UIbymzz8amIPzalS",
      "id": "UIbymzz8amIPzalS",
      "location_id": "UIbymzz8amIPzalS",
      "source_identifier": "UIbymzz8amIPzalS",
      "user_id": "UIbymzz8amIPzalS",
    },
  ],
  "src": "SEGMENT",
}
`;
